  Determining projects to restore...
  All projects are up-to-date for restore.
C:\Program Files\dotnet\sdk\10.0.201\Microsoft.Common.CurrentVersion.targets(5951,5): warning MSB3061: Unable to delete file "C:\Users\Lloyd Loteriña\Documents\CAS.FinancePortal.Web-main\CAS.FinancePortal.Web-main\CAS.FinancePortal.Web.Server\bin\Debug\net9.0\CAS.FinancePortal.Web.Server.exe". Access to the path 'C:\Users\Lloyd Loteriña\Documents\CAS.FinancePortal.Web-main\CAS.FinancePortal.Web-main\CAS.FinancePortal.Web.Server\bin\Debug\net9.0\CAS.FinancePortal.Web.Server.exe' is denied. The file is locked by: "CAS.FinancePortal.Web.Server (10700)" [C:\Users\Lloyd Loteriña\Documents\CAS.FinancePortal.Web-main\CAS.FinancePortal.Web-main\CAS.FinancePortal.Web.Server\CAS.FinancePortal.Web.Server.csproj]
C:\Program Files\dotnet\sdk\10.0.201\Microsoft.Common.CurrentVersion.targets(5951,5): warning MSB3061: Unable to delete file "C:\Users\Lloyd Loteriña\Documents\CAS.FinancePortal.Web-main\CAS.FinancePortal.Web-main\CAS.FinancePortal.Web.Server\bin\Debug\net9.0\CAS.FinancePortal.Web.Server.dll". Access to the path 'C:\Users\Lloyd Loteriña\Documents\CAS.FinancePortal.Web-main\CAS.FinancePortal.Web-main\CAS.FinancePortal.Web.Server\bin\Debug\net9.0\CAS.FinancePortal.Web.Server.dll' is denied. The file is locked by: "CAS.FinancePortal.Web.Server (10700)" [C:\Users\Lloyd Loteriña\Documents\CAS.FinancePortal.Web-main\CAS.FinancePortal.Web-main\CAS.FinancePortal.Web.Server\CAS.FinancePortal.Web.Server.csproj]
C:\Program Files\dotnet\sdk\10.0.201\Microsoft.Common.CurrentVersion.targets(5951,5): warning MSB3061: Unable to delete file "C:\Users\Lloyd Loteriña\Documents\CAS.FinancePortal.Web-main\CAS.FinancePortal.Web-main\CAS.FinancePortal.Web.Server\bin\Debug\net9.0\Microsoft.AspNetCore.Authentication.JwtBearer.dll". Access to the path 'C:\Users\Lloyd Loteriña\Documents\CAS.FinancePortal.Web-main\CAS.FinancePortal.Web-main\CAS.FinancePortal.Web.Server\bin\Debug\net9.0\Microsoft.AspNetCore.Authentication.JwtBearer.dll' is denied. The file is locked by: "CAS.FinancePortal.Web.Server (10700)" [C:\Users\Lloyd Loteriña\Documents\CAS.FinancePortal.Web-main\CAS.FinancePortal.Web-main\CAS.FinancePortal.Web.Server\CAS.FinancePortal.Web.Server.csproj]
C:\Program Files\dotnet\sdk\10.0.201\Microsoft.Common.CurrentVersion.targets(5951,5): warning MSB3061: Unable to delete file "C:\Users\Lloyd Loteriña\Documents\CAS.FinancePortal.Web-main\CAS.FinancePortal.Web-main\CAS.FinancePortal.Web.Server\bin\Debug\net9.0\Microsoft.AspNetCore.OpenApi.dll". Access to the path 'C:\Users\Lloyd Loteriña\Documents\CAS.FinancePortal.Web-main\CAS.FinancePortal.Web-main\CAS.FinancePortal.Web.Server\bin\Debug\net9.0\Microsoft.AspNetCore.OpenApi.dll' is denied. The file is locked by: "CAS.FinancePortal.Web.Server (10700)" [C:\Users\Lloyd Loteriña\Documents\CAS.FinancePortal.Web-main\CAS.FinancePortal.Web-main\CAS.FinancePortal.Web.Server\CAS.FinancePortal.Web.Server.csproj]
C:\Program Files\dotnet\sdk\10.0.201\Microsoft.Common.CurrentVersion.targets(5951,5): warning MSB3061: Unable to delete file "C:\Users\Lloyd Loteriña\Documents\CAS.FinancePortal.Web-main\CAS.FinancePortal.Web-main\CAS.FinancePortal.Web.Server\bin\Debug\net9.0\Microsoft.AspNetCore.SpaProxy.dll". Access to the path 'C:\Users\Lloyd Loteriña\Documents\CAS.FinancePortal.Web-main\CAS.FinancePortal.Web-main\CAS.FinancePortal.Web.Server\bin\Debug\net9.0\Microsoft.AspNetCore.SpaProxy.dll' is denied. The file is locked by: "CAS.FinancePortal.Web.Server (10700)" [C:\Users\Lloyd Loteriña\Documents\CAS.FinancePortal.Web-main\CAS.FinancePortal.Web-main\CAS.FinancePortal.Web.Server\CAS.FinancePortal.Web.Server.csproj]
C:\Program Files\dotnet\sdk\10.0.201\Microsoft.Common.CurrentVersion.targets(5951,5): warning MSB3061: Unable to delete file "C:\Users\Lloyd Loteriña\Documents\CAS.FinancePortal.Web-main\CAS.FinancePortal.Web-main\CAS.FinancePortal.Web.Server\bin\Debug\net9.0\Microsoft.EntityFrameworkCore.dll". Access to the path 'C:\Users\Lloyd Loteriña\Documents\CAS.FinancePortal.Web-main\CAS.FinancePortal.Web-main\CAS.FinancePortal.Web.Server\bin\Debug\net9.0\Microsoft.EntityFrameworkCore.dll' is denied. The file is locked by: "CAS.FinancePortal.Web.Server (10700)" [C:\Users\Lloyd Loteriña\Documents\CAS.FinancePortal.Web-main\CAS.FinancePortal.Web-main\CAS.FinancePortal.Web.Server\CAS.FinancePortal.Web.Server.csproj]
C:\Program Files\dotnet\sdk\10.0.201\Microsoft.Common.CurrentVersion.targets(5951,5): warning MSB3061: Unable to delete file "C:\Users\Lloyd Loteriña\Documents\CAS.FinancePortal.Web-main\CAS.FinancePortal.Web-main\CAS.FinancePortal.Web.Server\bin\Debug\net9.0\Microsoft.Graph.dll". Access to the path 'C:\Users\Lloyd Loteriña\Documents\CAS.FinancePortal.Web-main\CAS.FinancePortal.Web-main\CAS.FinancePortal.Web.Server\bin\Debug\net9.0\Microsoft.Graph.dll' is denied. The file is locked by: "CAS.FinancePortal.Web.Server (10700)" [C:\Users\Lloyd Loteriña\Documents\CAS.FinancePortal.Web-main\CAS.FinancePortal.Web-main\CAS.FinancePortal.Web.Server\CAS.FinancePortal.Web.Server.csproj]
C:\Program Files\dotnet\sdk\10.0.201\Microsoft.Common.CurrentVersion.targets(5951,5): warning MSB3061: Unable to delete file "C:\Users\Lloyd Loteriña\Documents\CAS.FinancePortal.Web-main\CAS.FinancePortal.Web-main\CAS.FinancePortal.Web.Server\bin\Debug\net9.0\Microsoft.IdentityModel.Abstractions.dll". Access to the path 'C:\Users\Lloyd Loteriña\Documents\CAS.FinancePortal.Web-main\CAS.FinancePortal.Web-main\CAS.FinancePortal.Web.Server\bin\Debug\net9.0\Microsoft.IdentityModel.Abstractions.dll' is denied. The file is locked by: "CAS.FinancePortal.Web.Server (10700)" [C:\Users\Lloyd Loteriña\Documents\CAS.FinancePortal.Web-main\CAS.FinancePortal.Web-main\CAS.FinancePortal.Web.Server\CAS.FinancePortal.Web.Server.csproj]
C:\Program Files\dotnet\sdk\10.0.201\Microsoft.Common.CurrentVersion.targets(5951,5): warning MSB3061: Unable to delete file "C:\Users\Lloyd Loteriña\Documents\CAS.FinancePortal.Web-main\CAS.FinancePortal.Web-main\CAS.FinancePortal.Web.Server\bin\Debug\net9.0\Microsoft.IdentityModel.JsonWebTokens.dll". Access to the path 'C:\Users\Lloyd Loteriña\Documents\CAS.FinancePortal.Web-main\CAS.FinancePortal.Web-main\CAS.FinancePortal.Web.Server\bin\Debug\net9.0\Microsoft.IdentityModel.JsonWebTokens.dll' is denied. The file is locked by: "CAS.FinancePortal.Web.Server (10700)" [C:\Users\Lloyd Loteriña\Documents\CAS.FinancePortal.Web-main\CAS.FinancePortal.Web-main\CAS.FinancePortal.Web.Server\CAS.FinancePortal.Web.Server.csproj]
C:\Program Files\dotnet\sdk\10.0.201\Microsoft.Common.CurrentVersion.targets(5951,5): warning MSB3061: Unable to delete file "C:\Users\Lloyd Loteriña\Documents\CAS.FinancePortal.Web-main\CAS.FinancePortal.Web-main\CAS.FinancePortal.Web.Server\bin\Debug\net9.0\Microsoft.IdentityModel.Logging.dll". Access to the path 'C:\Users\Lloyd Loteriña\Documents\CAS.FinancePortal.Web-main\CAS.FinancePortal.Web-main\CAS.FinancePortal.Web.Server\bin\Debug\net9.0\Microsoft.IdentityModel.Logging.dll' is denied. The file is locked by: "CAS.FinancePortal.Web.Server (10700)" [C:\Users\Lloyd Loteriña\Documents\CAS.FinancePortal.Web-main\CAS.FinancePortal.Web-main\CAS.FinancePortal.Web.Server\CAS.FinancePortal.Web.Server.csproj]
C:\Program Files\dotnet\sdk\10.0.201\Microsoft.Common.CurrentVersion.targets(5951,5): warning MSB3061: Unable to delete file "C:\Users\Lloyd Loteriña\Documents\CAS.FinancePortal.Web-main\CAS.FinancePortal.Web-main\CAS.FinancePortal.Web.Server\bin\Debug\net9.0\Microsoft.IdentityModel.Protocols.dll". Access to the path 'C:\Users\Lloyd Loteriña\Documents\CAS.FinancePortal.Web-main\CAS.FinancePortal.Web-main\CAS.FinancePortal.Web.Server\bin\Debug\net9.0\Microsoft.IdentityModel.Protocols.dll' is denied. The file is locked by: "CAS.FinancePortal.Web.Server (10700)" [C:\Users\Lloyd Loteriña\Documents\CAS.FinancePortal.Web-main\CAS.FinancePortal.Web-main\CAS.FinancePortal.Web.Server\CAS.FinancePortal.Web.Server.csproj]
C:\Program Files\dotnet\sdk\10.0.201\Microsoft.Common.CurrentVersion.targets(5951,5): warning MSB3061: Unable to delete file "C:\Users\Lloyd Loteriña\Documents\CAS.FinancePortal.Web-main\CAS.FinancePortal.Web-main\CAS.FinancePortal.Web.Server\bin\Debug\net9.0\Microsoft.IdentityModel.Protocols.OpenIdConnect.dll". Access to the path 'C:\Users\Lloyd Loteriña\Documents\CAS.FinancePortal.Web-main\CAS.FinancePortal.Web-main\CAS.FinancePortal.Web.Server\bin\Debug\net9.0\Microsoft.IdentityModel.Protocols.OpenIdConnect.dll' is denied. The file is locked by: "CAS.FinancePortal.Web.Server (10700)" [C:\Users\Lloyd Loteriña\Documents\CAS.FinancePortal.Web-main\CAS.FinancePortal.Web-main\CAS.FinancePortal.Web.Server\CAS.FinancePortal.Web.Server.csproj]
C:\Program Files\dotnet\sdk\10.0.201\Microsoft.Common.CurrentVersion.targets(5951,5): warning MSB3061: Unable to delete file "C:\Users\Lloyd Loteriña\Documents\CAS.FinancePortal.Web-main\CAS.FinancePortal.Web-main\CAS.FinancePortal.Web.Server\bin\Debug\net9.0\Microsoft.IdentityModel.Tokens.dll". Access to the path 'C:\Users\Lloyd Loteriña\Documents\CAS.FinancePortal.Web-main\CAS.FinancePortal.Web-main\CAS.FinancePortal.Web.Server\bin\Debug\net9.0\Microsoft.IdentityModel.Tokens.dll' is denied. The file is locked by: "CAS.FinancePortal.Web.Server (10700)" [C:\Users\Lloyd Loteriña\Documents\CAS.FinancePortal.Web-main\CAS.FinancePortal.Web-main\CAS.FinancePortal.Web.Server\CAS.FinancePortal.Web.Server.csproj]
C:\Program Files\dotnet\sdk\10.0.201\Microsoft.Common.CurrentVersion.targets(5951,5): warning MSB3061: Unable to delete file "C:\Users\Lloyd Loteriña\Documents\CAS.FinancePortal.Web-main\CAS.FinancePortal.Web-main\CAS.FinancePortal.Web.Server\bin\Debug\net9.0\Microsoft.Kiota.Abstractions.dll". Access to the path 'C:\Users\Lloyd Loteriña\Documents\CAS.FinancePortal.Web-main\CAS.FinancePortal.Web-main\CAS.FinancePortal.Web.Server\bin\Debug\net9.0\Microsoft.Kiota.Abstractions.dll' is denied. The file is locked by: "CAS.FinancePortal.Web.Server (10700)" [C:\Users\Lloyd Loteriña\Documents\CAS.FinancePortal.Web-main\CAS.FinancePortal.Web-main\CAS.FinancePortal.Web.Server\CAS.FinancePortal.Web.Server.csproj]
C:\Program Files\dotnet\sdk\10.0.201\Microsoft.Common.CurrentVersion.targets(5951,5): warning MSB3061: Unable to delete file "C:\Users\Lloyd Loteriña\Documents\CAS.FinancePortal.Web-main\CAS.FinancePortal.Web-main\CAS.FinancePortal.Web.Server\bin\Debug\net9.0\Microsoft.OpenApi.dll". Access to the path 'C:\Users\Lloyd Loteriña\Documents\CAS.FinancePortal.Web-main\CAS.FinancePortal.Web-main\CAS.FinancePortal.Web.Server\bin\Debug\net9.0\Microsoft.OpenApi.dll' is denied. The file is locked by: "CAS.FinancePortal.Web.Server (10700)" [C:\Users\Lloyd Loteriña\Documents\CAS.FinancePortal.Web-main\CAS.FinancePortal.Web-main\CAS.FinancePortal.Web.Server\CAS.FinancePortal.Web.Server.csproj]
C:\Program Files\dotnet\sdk\10.0.201\Microsoft.Common.CurrentVersion.targets(5951,5): warning MSB3061: Unable to delete file "C:\Users\Lloyd Loteriña\Documents\CAS.FinancePortal.Web-main\CAS.FinancePortal.Web-main\CAS.FinancePortal.Web.Server\bin\Debug\net9.0\Swashbuckle.AspNetCore.Swagger.dll". Access to the path 'C:\Users\Lloyd Loteriña\Documents\CAS.FinancePortal.Web-main\CAS.FinancePortal.Web-main\CAS.FinancePortal.Web.Server\bin\Debug\net9.0\Swashbuckle.AspNetCore.Swagger.dll' is denied. The file is locked by: "CAS.FinancePortal.Web.Server (10700)" [C:\Users\Lloyd Loteriña\Documents\CAS.FinancePortal.Web-main\CAS.FinancePortal.Web-main\CAS.FinancePortal.Web.Server\CAS.FinancePortal.Web.Server.csproj]
C:\Program Files\dotnet\sdk\10.0.201\Microsoft.Common.CurrentVersion.targets(5951,5): warning MSB3061: Unable to delete file "C:\Users\Lloyd Loteriña\Documents\CAS.FinancePortal.Web-main\CAS.FinancePortal.Web-main\CAS.FinancePortal.Web.Server\bin\Debug\net9.0\Swashbuckle.AspNetCore.SwaggerGen.dll". Access to the path 'C:\Users\Lloyd Loteriña\Documents\CAS.FinancePortal.Web-main\CAS.FinancePortal.Web-main\CAS.FinancePortal.Web.Server\bin\Debug\net9.0\Swashbuckle.AspNetCore.SwaggerGen.dll' is denied. The file is locked by: "CAS.FinancePortal.Web.Server (10700)" [C:\Users\Lloyd Loteriña\Documents\CAS.FinancePortal.Web-main\CAS.FinancePortal.Web-main\CAS.FinancePortal.Web.Server\CAS.FinancePortal.Web.Server.csproj]
C:\Program Files\dotnet\sdk\10.0.201\Microsoft.Common.CurrentVersion.targets(5951,5): warning MSB3061: Unable to delete file "C:\Users\Lloyd Loteriña\Documents\CAS.FinancePortal.Web-main\CAS.FinancePortal.Web-main\CAS.FinancePortal.Web.Server\bin\Debug\net9.0\Swashbuckle.AspNetCore.SwaggerUI.dll". Access to the path 'C:\Users\Lloyd Loteriña\Documents\CAS.FinancePortal.Web-main\CAS.FinancePortal.Web-main\CAS.FinancePortal.Web.Server\bin\Debug\net9.0\Swashbuckle.AspNetCore.SwaggerUI.dll' is denied. The file is locked by: "CAS.FinancePortal.Web.Server (10700)" [C:\Users\Lloyd Loteriña\Documents\CAS.FinancePortal.Web-main\CAS.FinancePortal.Web-main\CAS.FinancePortal.Web.Server\CAS.FinancePortal.Web.Server.csproj]
C:\Program Files\dotnet\sdk\10.0.201\Microsoft.Common.CurrentVersion.targets(5951,5): warning MSB3061: Unable to delete file "C:\Users\Lloyd Loteriña\Documents\CAS.FinancePortal.Web-main\CAS.FinancePortal.Web-main\CAS.FinancePortal.Web.Server\bin\Debug\net9.0\System.IdentityModel.Tokens.Jwt.dll". Access to the path 'C:\Users\Lloyd Loteriña\Documents\CAS.FinancePortal.Web-main\CAS.FinancePortal.Web-main\CAS.FinancePortal.Web.Server\bin\Debug\net9.0\System.IdentityModel.Tokens.Jwt.dll' is denied. The file is locked by: "CAS.FinancePortal.Web.Server (10700)" [C:\Users\Lloyd Loteriña\Documents\CAS.FinancePortal.Web-main\CAS.FinancePortal.Web-main\CAS.FinancePortal.Web.Server\CAS.FinancePortal.Web.Server.csproj]
C:\Users\Lloyd Loteriña\Documents\CAS.FinancePortal.Web-main\CAS.FinancePortal.Web-main\CAS.FinancePortal.Web.Server\Persistence\Applications\UserAuthenticationService.cs(34,12): warning CS8619: Nullability of reference types in value of type '(bool, int, string, UserDto? loggedUserDetails)' doesn't match target type '(bool IsSuccess, int Status, string Message, UserDto resultData)'. [C:\Users\Lloyd Loteriña\Documents\CAS.FinancePortal.Web-main\CAS.FinancePortal.Web-main\CAS.FinancePortal.Web.Server\CAS.FinancePortal.Web.Server.csproj]
C:\Users\Lloyd Loteriña\Documents\CAS.FinancePortal.Web-main\CAS.FinancePortal.Web-main\CAS.FinancePortal.Web.Server\Persistence\ServiceLibraries\GraphService.cs(50,21): warning CS8620: Argument of type 'IEnumerable<string?>' cannot be used for parameter 'collection' of type 'IEnumerable<string>' in 'void List<string>.AddRange(IEnumerable<string> collection)' due to differences in the nullability of reference types. [C:\Users\Lloyd Loteriña\Documents\CAS.FinancePortal.Web-main\CAS.FinancePortal.Web-main\CAS.FinancePortal.Web.Server\CAS.FinancePortal.Web.Server.csproj]
C:\Users\Lloyd Loteriña\Documents\CAS.FinancePortal.Web-main\CAS.FinancePortal.Web-main\CAS.FinancePortal.Web.Server\Core\Models\Dtos\Service\EmailDto.cs(5,23): warning CS8618: Non-nullable property 'SentTo' must contain a non-null value when exiting constructor. Consider adding the 'required' modifier or declaring the property as nullable. [C:\Users\Lloyd Loteriña\Documents\CAS.FinancePortal.Web-main\CAS.FinancePortal.Web-main\CAS.FinancePortal.Web.Server\CAS.FinancePortal.Web.Server.csproj]
C:\Users\Lloyd Loteriña\Documents\CAS.FinancePortal.Web-main\CAS.FinancePortal.Web-main\CAS.FinancePortal.Web.Server\Core\Models\Dtos\Service\EmailDto.cs(8,17): warning CS8618: Non-nullable property 'Subject' must contain a non-null value when exiting constructor. Consider adding the 'required' modifier or declaring the property as nullable. [C:\Users\Lloyd Loteriña\Documents\CAS.FinancePortal.Web-main\CAS.FinancePortal.Web-main\CAS.FinancePortal.Web.Server\CAS.FinancePortal.Web.Server.csproj]
C:\Users\Lloyd Loteriña\Documents\CAS.FinancePortal.Web-main\CAS.FinancePortal.Web-main\CAS.FinancePortal.Web.Server\Core\Models\Dtos\Service\EmailDto.cs(9,17): warning CS8618: Non-nullable property 'Body' must contain a non-null value when exiting constructor. Consider adding the 'required' modifier or declaring the property as nullable. [C:\Users\Lloyd Loteriña\Documents\CAS.FinancePortal.Web-main\CAS.FinancePortal.Web-main\CAS.FinancePortal.Web.Server\CAS.FinancePortal.Web.Server.csproj]
C:\Users\Lloyd Loteriña\Documents\CAS.FinancePortal.Web-main\CAS.FinancePortal.Web-main\CAS.FinancePortal.Web.Server\Core\Models\Dtos\Service\EmailDto.cs(10,17): warning CS8618: Non-nullable property 'From' must contain a non-null value when exiting constructor. Consider adding the 'required' modifier or declaring the property as nullable. [C:\Users\Lloyd Loteriña\Documents\CAS.FinancePortal.Web-main\CAS.FinancePortal.Web-main\CAS.FinancePortal.Web.Server\CAS.FinancePortal.Web.Server.csproj]
C:\Users\Lloyd Loteriña\Documents\CAS.FinancePortal.Web-main\CAS.FinancePortal.Web-main\CAS.FinancePortal.Web.Server\Core\Models\Dtos\Service\EmailDto.cs(11,17): warning CS8618: Non-nullable property 'DisplayName' must contain a non-null value when exiting constructor. Consider adding the 'required' modifier or declaring the property as nullable. [C:\Users\Lloyd Loteriña\Documents\CAS.FinancePortal.Web-main\CAS.FinancePortal.Web-main\CAS.FinancePortal.Web.Server\CAS.FinancePortal.Web.Server.csproj]
C:\Program Files\dotnet\sdk\10.0.201\Microsoft.Common.CurrentVersion.targets(5395,5): warning MSB3026: Could not copy "C:\Users\Lloyd Loteriña\Documents\CAS.FinancePortal.Web-main\CAS.FinancePortal.Web-main\CAS.FinancePortal.Web.Server\obj\Debug\net9.0\apphost.exe" to "bin\Debug\net9.0\CAS.FinancePortal.Web.Server.exe". Beginning retry 1 in 1000ms. The process cannot access the file 'C:\Users\Lloyd Loteriña\Documents\CAS.FinancePortal.Web-main\CAS.FinancePortal.Web-main\CAS.FinancePortal.Web.Server\bin\Debug\net9.0\CAS.FinancePortal.Web.Server.exe' because it is being used by another process. The file is locked by: "CAS.FinancePortal.Web.Server (10700)" [C:\Users\Lloyd Loteriña\Documents\CAS.FinancePortal.Web-main\CAS.FinancePortal.Web-main\CAS.FinancePortal.Web.Server\CAS.FinancePortal.Web.Server.csproj]
C:\Program Files\dotnet\sdk\10.0.201\Microsoft.Common.CurrentVersion.targets(5395,5): warning MSB3026: Could not copy "C:\Users\Lloyd Loteriña\Documents\CAS.FinancePortal.Web-main\CAS.FinancePortal.Web-main\CAS.FinancePortal.Web.Server\obj\Debug\net9.0\apphost.exe" to "bin\Debug\net9.0\CAS.FinancePortal.Web.Server.exe". Beginning retry 2 in 1000ms. The process cannot access the file 'C:\Users\Lloyd Loteriña\Documents\CAS.FinancePortal.Web-main\CAS.FinancePortal.Web-main\CAS.FinancePortal.Web.Server\bin\Debug\net9.0\CAS.FinancePortal.Web.Server.exe' because it is being used by another process. The file is locked by: "CAS.FinancePortal.Web.Server (10700)" [C:\Users\Lloyd Loteriña\Documents\CAS.FinancePortal.Web-main\CAS.FinancePortal.Web-main\CAS.FinancePortal.Web.Server\CAS.FinancePortal.Web.Server.csproj]
C:\Program Files\dotnet\sdk\10.0.201\Microsoft.Common.CurrentVersion.targets(5395,5): warning MSB3026: Could not copy "C:\Users\Lloyd Loteriña\Documents\CAS.FinancePortal.Web-main\CAS.FinancePortal.Web-main\CAS.FinancePortal.Web.Server\obj\Debug\net9.0\apphost.exe" to "bin\Debug\net9.0\CAS.FinancePortal.Web.Server.exe". Beginning retry 3 in 1000ms. The process cannot access the file 'C:\Users\Lloyd Loteriña\Documents\CAS.FinancePortal.Web-main\CAS.FinancePortal.Web-main\CAS.FinancePortal.Web.Server\bin\Debug\net9.0\CAS.FinancePortal.Web.Server.exe' because it is being used by another process. The file is locked by: "CAS.FinancePortal.Web.Server (10700)" [C:\Users\Lloyd Loteriña\Documents\CAS.FinancePortal.Web-main\CAS.FinancePortal.Web-main\CAS.FinancePortal.Web.Server\CAS.FinancePortal.Web.Server.csproj]
C:\Program Files\dotnet\sdk\10.0.201\Microsoft.Common.CurrentVersion.targets(5395,5): warning MSB3026: Could not copy "C:\Users\Lloyd Loteriña\Documents\CAS.FinancePortal.Web-main\CAS.FinancePortal.Web-main\CAS.FinancePortal.Web.Server\obj\Debug\net9.0\apphost.exe" to "bin\Debug\net9.0\CAS.FinancePortal.Web.Server.exe". Beginning retry 4 in 1000ms. The process cannot access the file 'C:\Users\Lloyd Loteriña\Documents\CAS.FinancePortal.Web-main\CAS.FinancePortal.Web-main\CAS.FinancePortal.Web.Server\bin\Debug\net9.0\CAS.FinancePortal.Web.Server.exe' because it is being used by another process. The file is locked by: "CAS.FinancePortal.Web.Server (10700)" [C:\Users\Lloyd Loteriña\Documents\CAS.FinancePortal.Web-main\CAS.FinancePortal.Web-main\CAS.FinancePortal.Web.Server\CAS.FinancePortal.Web.Server.csproj]
C:\Program Files\dotnet\sdk\10.0.201\Microsoft.Common.CurrentVersion.targets(5395,5): warning MSB3026: Could not copy "C:\Users\Lloyd Loteriña\Documents\CAS.FinancePortal.Web-main\CAS.FinancePortal.Web-main\CAS.FinancePortal.Web.Server\obj\Debug\net9.0\apphost.exe" to "bin\Debug\net9.0\CAS.FinancePortal.Web.Server.exe". Beginning retry 5 in 1000ms. The process cannot access the file 'C:\Users\Lloyd Loteriña\Documents\CAS.FinancePortal.Web-main\CAS.FinancePortal.Web-main\CAS.FinancePortal.Web.Server\bin\Debug\net9.0\CAS.FinancePortal.Web.Server.exe' because it is being used by another process. The file is locked by: "CAS.FinancePortal.Web.Server (10700)" [C:\Users\Lloyd Loteriña\Documents\CAS.FinancePortal.Web-main\CAS.FinancePortal.Web-main\CAS.FinancePortal.Web.Server\CAS.FinancePortal.Web.Server.csproj]
C:\Program Files\dotnet\sdk\10.0.201\Microsoft.Common.CurrentVersion.targets(5395,5): warning MSB3026: Could not copy "C:\Users\Lloyd Loteriña\Documents\CAS.FinancePortal.Web-main\CAS.FinancePortal.Web-main\CAS.FinancePortal.Web.Server\obj\Debug\net9.0\apphost.exe" to "bin\Debug\net9.0\CAS.FinancePortal.Web.Server.exe". Beginning retry 6 in 1000ms. The process cannot access the file 'C:\Users\Lloyd Loteriña\Documents\CAS.FinancePortal.Web-main\CAS.FinancePortal.Web-main\CAS.FinancePortal.Web.Server\bin\Debug\net9.0\CAS.FinancePortal.Web.Server.exe' because it is being used by another process. The file is locked by: "CAS.FinancePortal.Web.Server (10700)" [C:\Users\Lloyd Loteriña\Documents\CAS.FinancePortal.Web-main\CAS.FinancePortal.Web-main\CAS.FinancePortal.Web.Server\CAS.FinancePortal.Web.Server.csproj]
C:\Program Files\dotnet\sdk\10.0.201\Microsoft.Common.CurrentVersion.targets(5395,5): warning MSB3026: Could not copy "C:\Users\Lloyd Loteriña\Documents\CAS.FinancePortal.Web-main\CAS.FinancePortal.Web-main\CAS.FinancePortal.Web.Server\obj\Debug\net9.0\apphost.exe" to "bin\Debug\net9.0\CAS.FinancePortal.Web.Server.exe". Beginning retry 7 in 1000ms. The process cannot access the file 'C:\Users\Lloyd Loteriña\Documents\CAS.FinancePortal.Web-main\CAS.FinancePortal.Web-main\CAS.FinancePortal.Web.Server\bin\Debug\net9.0\CAS.FinancePortal.Web.Server.exe' because it is being used by another process. The file is locked by: "CAS.FinancePortal.Web.Server (10700)" [C:\Users\Lloyd Loteriña\Documents\CAS.FinancePortal.Web-main\CAS.FinancePortal.Web-main\CAS.FinancePortal.Web.Server\CAS.FinancePortal.Web.Server.csproj]
C:\Program Files\dotnet\sdk\10.0.201\Microsoft.Common.CurrentVersion.targets(5395,5): warning MSB3026: Could not copy "C:\Users\Lloyd Loteriña\Documents\CAS.FinancePortal.Web-main\CAS.FinancePortal.Web-main\CAS.FinancePortal.Web.Server\obj\Debug\net9.0\apphost.exe" to "bin\Debug\net9.0\CAS.FinancePortal.Web.Server.exe". Beginning retry 8 in 1000ms. The process cannot access the file 'C:\Users\Lloyd Loteriña\Documents\CAS.FinancePortal.Web-main\CAS.FinancePortal.Web-main\CAS.FinancePortal.Web.Server\bin\Debug\net9.0\CAS.FinancePortal.Web.Server.exe' because it is being used by another process. The file is locked by: "CAS.FinancePortal.Web.Server (10700)" [C:\Users\Lloyd Loteriña\Documents\CAS.FinancePortal.Web-main\CAS.FinancePortal.Web-main\CAS.FinancePortal.Web.Server\CAS.FinancePortal.Web.Server.csproj]
C:\Program Files\dotnet\sdk\10.0.201\Microsoft.Common.CurrentVersion.targets(5395,5): warning MSB3026: Could not copy "C:\Users\Lloyd Loteriña\Documents\CAS.FinancePortal.Web-main\CAS.FinancePortal.Web-main\CAS.FinancePortal.Web.Server\obj\Debug\net9.0\apphost.exe" to "bin\Debug\net9.0\CAS.FinancePortal.Web.Server.exe". Beginning retry 9 in 1000ms. The process cannot access the file 'C:\Users\Lloyd Loteriña\Documents\CAS.FinancePortal.Web-main\CAS.FinancePortal.Web-main\CAS.FinancePortal.Web.Server\bin\Debug\net9.0\CAS.FinancePortal.Web.Server.exe' because it is being used by another process. The file is locked by: "CAS.FinancePortal.Web.Server (10700)" [C:\Users\Lloyd Loteriña\Documents\CAS.FinancePortal.Web-main\CAS.FinancePortal.Web-main\CAS.FinancePortal.Web.Server\CAS.FinancePortal.Web.Server.csproj]
C:\Program Files\dotnet\sdk\10.0.201\Microsoft.Common.CurrentVersion.targets(5395,5): warning MSB3026: Could not copy "C:\Users\Lloyd Loteriña\Documents\CAS.FinancePortal.Web-main\CAS.FinancePortal.Web-main\CAS.FinancePortal.Web.Server\obj\Debug\net9.0\apphost.exe" to "bin\Debug\net9.0\CAS.FinancePortal.Web.Server.exe". Beginning retry 10 in 1000ms. The process cannot access the file 'C:\Users\Lloyd Loteriña\Documents\CAS.FinancePortal.Web-main\CAS.FinancePortal.Web-main\CAS.FinancePortal.Web.Server\bin\Debug\net9.0\CAS.FinancePortal.Web.Server.exe' because it is being used by another process. The file is locked by: "CAS.FinancePortal.Web.Server (10700)" [C:\Users\Lloyd Loteriña\Documents\CAS.FinancePortal.Web-main\CAS.FinancePortal.Web-main\CAS.FinancePortal.Web.Server\CAS.FinancePortal.Web.Server.csproj]
C:\Program Files\dotnet\sdk\10.0.201\Microsoft.Common.CurrentVersion.targets(5395,5): error MSB3027: Could not copy "C:\Users\Lloyd Loteriña\Documents\CAS.FinancePortal.Web-main\CAS.FinancePortal.Web-main\CAS.FinancePortal.Web.Server\obj\Debug\net9.0\apphost.exe" to "bin\Debug\net9.0\CAS.FinancePortal.Web.Server.exe". Exceeded retry count of 10. Failed. The file is locked by: "CAS.FinancePortal.Web.Server (10700)" [C:\Users\Lloyd Loteriña\Documents\CAS.FinancePortal.Web-main\CAS.FinancePortal.Web-main\CAS.FinancePortal.Web.Server\CAS.FinancePortal.Web.Server.csproj]
C:\Program Files\dotnet\sdk\10.0.201\Microsoft.Common.CurrentVersion.targets(5395,5): error MSB3021: Unable to copy file "C:\Users\Lloyd Loteriña\Documents\CAS.FinancePortal.Web-main\CAS.FinancePortal.Web-main\CAS.FinancePortal.Web.Server\obj\Debug\net9.0\apphost.exe" to "bin\Debug\net9.0\CAS.FinancePortal.Web.Server.exe". The process cannot access the file 'C:\Users\Lloyd Loteriña\Documents\CAS.FinancePortal.Web-main\CAS.FinancePortal.Web-main\CAS.FinancePortal.Web.Server\bin\Debug\net9.0\CAS.FinancePortal.Web.Server.exe' because it is being used by another process. [C:\Users\Lloyd Loteriña\Documents\CAS.FinancePortal.Web-main\CAS.FinancePortal.Web-main\CAS.FinancePortal.Web.Server\CAS.FinancePortal.Web.Server.csproj]

Build FAILED.

C:\Program Files\dotnet\sdk\10.0.201\Microsoft.Common.CurrentVersion.targets(5951,5): warning MSB3061: Unable to delete file "C:\Users\Lloyd Loteriña\Documents\CAS.FinancePortal.Web-main\CAS.FinancePortal.Web-main\CAS.FinancePortal.Web.Server\bin\Debug\net9.0\CAS.FinancePortal.Web.Server.exe". Access to the path 'C:\Users\Lloyd Loteriña\Documents\CAS.FinancePortal.Web-main\CAS.FinancePortal.Web-main\CAS.FinancePortal.Web.Server\bin\Debug\net9.0\CAS.FinancePortal.Web.Server.exe' is denied. The file is locked by: "CAS.FinancePortal.Web.Server (10700)" [C:\Users\Lloyd Loteriña\Documents\CAS.FinancePortal.Web-main\CAS.FinancePortal.Web-main\CAS.FinancePortal.Web.Server\CAS.FinancePortal.Web.Server.csproj]
C:\Program Files\dotnet\sdk\10.0.201\Microsoft.Common.CurrentVersion.targets(5951,5): warning MSB3061: Unable to delete file "C:\Users\Lloyd Loteriña\Documents\CAS.FinancePortal.Web-main\CAS.FinancePortal.Web-main\CAS.FinancePortal.Web.Server\bin\Debug\net9.0\CAS.FinancePortal.Web.Server.dll". Access to the path 'C:\Users\Lloyd Loteriña\Documents\CAS.FinancePortal.Web-main\CAS.FinancePortal.Web-main\CAS.FinancePortal.Web.Server\bin\Debug\net9.0\CAS.FinancePortal.Web.Server.dll' is denied. The file is locked by: "CAS.FinancePortal.Web.Server (10700)" [C:\Users\Lloyd Loteriña\Documents\CAS.FinancePortal.Web-main\CAS.FinancePortal.Web-main\CAS.FinancePortal.Web.Server\CAS.FinancePortal.Web.Server.csproj]
C:\Program Files\dotnet\sdk\10.0.201\Microsoft.Common.CurrentVersion.targets(5951,5): warning MSB3061: Unable to delete file "C:\Users\Lloyd Loteriña\Documents\CAS.FinancePortal.Web-main\CAS.FinancePortal.Web-main\CAS.FinancePortal.Web.Server\bin\Debug\net9.0\Microsoft.AspNetCore.Authentication.JwtBearer.dll". Access to the path 'C:\Users\Lloyd Loteriña\Documents\CAS.FinancePortal.Web-main\CAS.FinancePortal.Web-main\CAS.FinancePortal.Web.Server\bin\Debug\net9.0\Microsoft.AspNetCore.Authentication.JwtBearer.dll' is denied. The file is locked by: "CAS.FinancePortal.Web.Server (10700)" [C:\Users\Lloyd Loteriña\Documents\CAS.FinancePortal.Web-main\CAS.FinancePortal.Web-main\CAS.FinancePortal.Web.Server\CAS.FinancePortal.Web.Server.csproj]
C:\Program Files\dotnet\sdk\10.0.201\Microsoft.Common.CurrentVersion.targets(5951,5): warning MSB3061: Unable to delete file "C:\Users\Lloyd Loteriña\Documents\CAS.FinancePortal.Web-main\CAS.FinancePortal.Web-main\CAS.FinancePortal.Web.Server\bin\Debug\net9.0\Microsoft.AspNetCore.OpenApi.dll". Access to the path 'C:\Users\Lloyd Loteriña\Documents\CAS.FinancePortal.Web-main\CAS.FinancePortal.Web-main\CAS.FinancePortal.Web.Server\bin\Debug\net9.0\Microsoft.AspNetCore.OpenApi.dll' is denied. The file is locked by: "CAS.FinancePortal.Web.Server (10700)" [C:\Users\Lloyd Loteriña\Documents\CAS.FinancePortal.Web-main\CAS.FinancePortal.Web-main\CAS.FinancePortal.Web.Server\CAS.FinancePortal.Web.Server.csproj]
C:\Program Files\dotnet\sdk\10.0.201\Microsoft.Common.CurrentVersion.targets(5951,5): warning MSB3061: Unable to delete file "C:\Users\Lloyd Loteriña\Documents\CAS.FinancePortal.Web-main\CAS.FinancePortal.Web-main\CAS.FinancePortal.Web.Server\bin\Debug\net9.0\Microsoft.AspNetCore.SpaProxy.dll". Access to the path 'C:\Users\Lloyd Loteriña\Documents\CAS.FinancePortal.Web-main\CAS.FinancePortal.Web-main\CAS.FinancePortal.Web.Server\bin\Debug\net9.0\Microsoft.AspNetCore.SpaProxy.dll' is denied. The file is locked by: "CAS.FinancePortal.Web.Server (10700)" [C:\Users\Lloyd Loteriña\Documents\CAS.FinancePortal.Web-main\CAS.FinancePortal.Web-main\CAS.FinancePortal.Web.Server\CAS.FinancePortal.Web.Server.csproj]
C:\Program Files\dotnet\sdk\10.0.201\Microsoft.Common.CurrentVersion.targets(5951,5): warning MSB3061: Unable to delete file "C:\Users\Lloyd Loteriña\Documents\CAS.FinancePortal.Web-main\CAS.FinancePortal.Web-main\CAS.FinancePortal.Web.Server\bin\Debug\net9.0\Microsoft.EntityFrameworkCore.dll". Access to the path 'C:\Users\Lloyd Loteriña\Documents\CAS.FinancePortal.Web-main\CAS.FinancePortal.Web-main\CAS.FinancePortal.Web.Server\bin\Debug\net9.0\Microsoft.EntityFrameworkCore.dll' is denied. The file is locked by: "CAS.FinancePortal.Web.Server (10700)" [C:\Users\Lloyd Loteriña\Documents\CAS.FinancePortal.Web-main\CAS.FinancePortal.Web-main\CAS.FinancePortal.Web.Server\CAS.FinancePortal.Web.Server.csproj]
C:\Program Files\dotnet\sdk\10.0.201\Microsoft.Common.CurrentVersion.targets(5951,5): warning MSB3061: Unable to delete file "C:\Users\Lloyd Loteriña\Documents\CAS.FinancePortal.Web-main\CAS.FinancePortal.Web-main\CAS.FinancePortal.Web.Server\bin\Debug\net9.0\Microsoft.Graph.dll". Access to the path 'C:\Users\Lloyd Loteriña\Documents\CAS.FinancePortal.Web-main\CAS.FinancePortal.Web-main\CAS.FinancePortal.Web.Server\bin\Debug\net9.0\Microsoft.Graph.dll' is denied. The file is locked by: "CAS.FinancePortal.Web.Server (10700)" [C:\Users\Lloyd Loteriña\Documents\CAS.FinancePortal.Web-main\CAS.FinancePortal.Web-main\CAS.FinancePortal.Web.Server\CAS.FinancePortal.Web.Server.csproj]
C:\Program Files\dotnet\sdk\10.0.201\Microsoft.Common.CurrentVersion.targets(5951,5): warning MSB3061: Unable to delete file "C:\Users\Lloyd Loteriña\Documents\CAS.FinancePortal.Web-main\CAS.FinancePortal.Web-main\CAS.FinancePortal.Web.Server\bin\Debug\net9.0\Microsoft.IdentityModel.Abstractions.dll". Access to the path 'C:\Users\Lloyd Loteriña\Documents\CAS.FinancePortal.Web-main\CAS.FinancePortal.Web-main\CAS.FinancePortal.Web.Server\bin\Debug\net9.0\Microsoft.IdentityModel.Abstractions.dll' is denied. The file is locked by: "CAS.FinancePortal.Web.Server (10700)" [C:\Users\Lloyd Loteriña\Documents\CAS.FinancePortal.Web-main\CAS.FinancePortal.Web-main\CAS.FinancePortal.Web.Server\CAS.FinancePortal.Web.Server.csproj]
C:\Program Files\dotnet\sdk\10.0.201\Microsoft.Common.CurrentVersion.targets(5951,5): warning MSB3061: Unable to delete file "C:\Users\Lloyd Loteriña\Documents\CAS.FinancePortal.Web-main\CAS.FinancePortal.Web-main\CAS.FinancePortal.Web.Server\bin\Debug\net9.0\Microsoft.IdentityModel.JsonWebTokens.dll". Access to the path 'C:\Users\Lloyd Loteriña\Documents\CAS.FinancePortal.Web-main\CAS.FinancePortal.Web-main\CAS.FinancePortal.Web.Server\bin\Debug\net9.0\Microsoft.IdentityModel.JsonWebTokens.dll' is denied. The file is locked by: "CAS.FinancePortal.Web.Server (10700)" [C:\Users\Lloyd Loteriña\Documents\CAS.FinancePortal.Web-main\CAS.FinancePortal.Web-main\CAS.FinancePortal.Web.Server\CAS.FinancePortal.Web.Server.csproj]
C:\Program Files\dotnet\sdk\10.0.201\Microsoft.Common.CurrentVersion.targets(5951,5): warning MSB3061: Unable to delete file "C:\Users\Lloyd Loteriña\Documents\CAS.FinancePortal.Web-main\CAS.FinancePortal.Web-main\CAS.FinancePortal.Web.Server\bin\Debug\net9.0\Microsoft.IdentityModel.Logging.dll". Access to the path 'C:\Users\Lloyd Loteriña\Documents\CAS.FinancePortal.Web-main\CAS.FinancePortal.Web-main\CAS.FinancePortal.Web.Server\bin\Debug\net9.0\Microsoft.IdentityModel.Logging.dll' is denied. The file is locked by: "CAS.FinancePortal.Web.Server (10700)" [C:\Users\Lloyd Loteriña\Documents\CAS.FinancePortal.Web-main\CAS.FinancePortal.Web-main\CAS.FinancePortal.Web.Server\CAS.FinancePortal.Web.Server.csproj]
C:\Program Files\dotnet\sdk\10.0.201\Microsoft.Common.CurrentVersion.targets(5951,5): warning MSB3061: Unable to delete file "C:\Users\Lloyd Loteriña\Documents\CAS.FinancePortal.Web-main\CAS.FinancePortal.Web-main\CAS.FinancePortal.Web.Server\bin\Debug\net9.0\Microsoft.IdentityModel.Protocols.dll". Access to the path 'C:\Users\Lloyd Loteriña\Documents\CAS.FinancePortal.Web-main\CAS.FinancePortal.Web-main\CAS.FinancePortal.Web.Server\bin\Debug\net9.0\Microsoft.IdentityModel.Protocols.dll' is denied. The file is locked by: "CAS.FinancePortal.Web.Server (10700)" [C:\Users\Lloyd Loteriña\Documents\CAS.FinancePortal.Web-main\CAS.FinancePortal.Web-main\CAS.FinancePortal.Web.Server\CAS.FinancePortal.Web.Server.csproj]
C:\Program Files\dotnet\sdk\10.0.201\Microsoft.Common.CurrentVersion.targets(5951,5): warning MSB3061: Unable to delete file "C:\Users\Lloyd Loteriña\Documents\CAS.FinancePortal.Web-main\CAS.FinancePortal.Web-main\CAS.FinancePortal.Web.Server\bin\Debug\net9.0\Microsoft.IdentityModel.Protocols.OpenIdConnect.dll". Access to the path 'C:\Users\Lloyd Loteriña\Documents\CAS.FinancePortal.Web-main\CAS.FinancePortal.Web-main\CAS.FinancePortal.Web.Server\bin\Debug\net9.0\Microsoft.IdentityModel.Protocols.OpenIdConnect.dll' is denied. The file is locked by: "CAS.FinancePortal.Web.Server (10700)" [C:\Users\Lloyd Loteriña\Documents\CAS.FinancePortal.Web-main\CAS.FinancePortal.Web-main\CAS.FinancePortal.Web.Server\CAS.FinancePortal.Web.Server.csproj]
C:\Program Files\dotnet\sdk\10.0.201\Microsoft.Common.CurrentVersion.targets(5951,5): warning MSB3061: Unable to delete file "C:\Users\Lloyd Loteriña\Documents\CAS.FinancePortal.Web-main\CAS.FinancePortal.Web-main\CAS.FinancePortal.Web.Server\bin\Debug\net9.0\Microsoft.IdentityModel.Tokens.dll". Access to the path 'C:\Users\Lloyd Loteriña\Documents\CAS.FinancePortal.Web-main\CAS.FinancePortal.Web-main\CAS.FinancePortal.Web.Server\bin\Debug\net9.0\Microsoft.IdentityModel.Tokens.dll' is denied. The file is locked by: "CAS.FinancePortal.Web.Server (10700)" [C:\Users\Lloyd Loteriña\Documents\CAS.FinancePortal.Web-main\CAS.FinancePortal.Web-main\CAS.FinancePortal.Web.Server\CAS.FinancePortal.Web.Server.csproj]
C:\Program Files\dotnet\sdk\10.0.201\Microsoft.Common.CurrentVersion.targets(5951,5): warning MSB3061: Unable to delete file "C:\Users\Lloyd Loteriña\Documents\CAS.FinancePortal.Web-main\CAS.FinancePortal.Web-main\CAS.FinancePortal.Web.Server\bin\Debug\net9.0\Microsoft.Kiota.Abstractions.dll". Access to the path 'C:\Users\Lloyd Loteriña\Documents\CAS.FinancePortal.Web-main\CAS.FinancePortal.Web-main\CAS.FinancePortal.Web.Server\bin\Debug\net9.0\Microsoft.Kiota.Abstractions.dll' is denied. The file is locked by: "CAS.FinancePortal.Web.Server (10700)" [C:\Users\Lloyd Loteriña\Documents\CAS.FinancePortal.Web-main\CAS.FinancePortal.Web-main\CAS.FinancePortal.Web.Server\CAS.FinancePortal.Web.Server.csproj]
C:\Program Files\dotnet\sdk\10.0.201\Microsoft.Common.CurrentVersion.targets(5951,5): warning MSB3061: Unable to delete file "C:\Users\Lloyd Loteriña\Documents\CAS.FinancePortal.Web-main\CAS.FinancePortal.Web-main\CAS.FinancePortal.Web.Server\bin\Debug\net9.0\Microsoft.OpenApi.dll". Access to the path 'C:\Users\Lloyd Loteriña\Documents\CAS.FinancePortal.Web-main\CAS.FinancePortal.Web-main\CAS.FinancePortal.Web.Server\bin\Debug\net9.0\Microsoft.OpenApi.dll' is denied. The file is locked by: "CAS.FinancePortal.Web.Server (10700)" [C:\Users\Lloyd Loteriña\Documents\CAS.FinancePortal.Web-main\CAS.FinancePortal.Web-main\CAS.FinancePortal.Web.Server\CAS.FinancePortal.Web.Server.csproj]
C:\Program Files\dotnet\sdk\10.0.201\Microsoft.Common.CurrentVersion.targets(5951,5): warning MSB3061: Unable to delete file "C:\Users\Lloyd Loteriña\Documents\CAS.FinancePortal.Web-main\CAS.FinancePortal.Web-main\CAS.FinancePortal.Web.Server\bin\Debug\net9.0\Swashbuckle.AspNetCore.Swagger.dll". Access to the path 'C:\Users\Lloyd Loteriña\Documents\CAS.FinancePortal.Web-main\CAS.FinancePortal.Web-main\CAS.FinancePortal.Web.Server\bin\Debug\net9.0\Swashbuckle.AspNetCore.Swagger.dll' is denied. The file is locked by: "CAS.FinancePortal.Web.Server (10700)" [C:\Users\Lloyd Loteriña\Documents\CAS.FinancePortal.Web-main\CAS.FinancePortal.Web-main\CAS.FinancePortal.Web.Server\CAS.FinancePortal.Web.Server.csproj]
C:\Program Files\dotnet\sdk\10.0.201\Microsoft.Common.CurrentVersion.targets(5951,5): warning MSB3061: Unable to delete file "C:\Users\Lloyd Loteriña\Documents\CAS.FinancePortal.Web-main\CAS.FinancePortal.Web-main\CAS.FinancePortal.Web.Server\bin\Debug\net9.0\Swashbuckle.AspNetCore.SwaggerGen.dll". Access to the path 'C:\Users\Lloyd Loteriña\Documents\CAS.FinancePortal.Web-main\CAS.FinancePortal.Web-main\CAS.FinancePortal.Web.Server\bin\Debug\net9.0\Swashbuckle.AspNetCore.SwaggerGen.dll' is denied. The file is locked by: "CAS.FinancePortal.Web.Server (10700)" [C:\Users\Lloyd Loteriña\Documents\CAS.FinancePortal.Web-main\CAS.FinancePortal.Web-main\CAS.FinancePortal.Web.Server\CAS.FinancePortal.Web.Server.csproj]
C:\Program Files\dotnet\sdk\10.0.201\Microsoft.Common.CurrentVersion.targets(5951,5): warning MSB3061: Unable to delete file "C:\Users\Lloyd Loteriña\Documents\CAS.FinancePortal.Web-main\CAS.FinancePortal.Web-main\CAS.FinancePortal.Web.Server\bin\Debug\net9.0\Swashbuckle.AspNetCore.SwaggerUI.dll". Access to the path 'C:\Users\Lloyd Loteriña\Documents\CAS.FinancePortal.Web-main\CAS.FinancePortal.Web-main\CAS.FinancePortal.Web.Server\bin\Debug\net9.0\Swashbuckle.AspNetCore.SwaggerUI.dll' is denied. The file is locked by: "CAS.FinancePortal.Web.Server (10700)" [C:\Users\Lloyd Loteriña\Documents\CAS.FinancePortal.Web-main\CAS.FinancePortal.Web-main\CAS.FinancePortal.Web.Server\CAS.FinancePortal.Web.Server.csproj]
C:\Program Files\dotnet\sdk\10.0.201\Microsoft.Common.CurrentVersion.targets(5951,5): warning MSB3061: Unable to delete file "C:\Users\Lloyd Loteriña\Documents\CAS.FinancePortal.Web-main\CAS.FinancePortal.Web-main\CAS.FinancePortal.Web.Server\bin\Debug\net9.0\System.IdentityModel.Tokens.Jwt.dll". Access to the path 'C:\Users\Lloyd Loteriña\Documents\CAS.FinancePortal.Web-main\CAS.FinancePortal.Web-main\CAS.FinancePortal.Web.Server\bin\Debug\net9.0\System.IdentityModel.Tokens.Jwt.dll' is denied. The file is locked by: "CAS.FinancePortal.Web.Server (10700)" [C:\Users\Lloyd Loteriña\Documents\CAS.FinancePortal.Web-main\CAS.FinancePortal.Web-main\CAS.FinancePortal.Web.Server\CAS.FinancePortal.Web.Server.csproj]
C:\Users\Lloyd Loteriña\Documents\CAS.FinancePortal.Web-main\CAS.FinancePortal.Web-main\CAS.FinancePortal.Web.Server\Persistence\Applications\UserAuthenticationService.cs(34,12): warning CS8619: Nullability of reference types in value of type '(bool, int, string, UserDto? loggedUserDetails)' doesn't match target type '(bool IsSuccess, int Status, string Message, UserDto resultData)'. [C:\Users\Lloyd Loteriña\Documents\CAS.FinancePortal.Web-main\CAS.FinancePortal.Web-main\CAS.FinancePortal.Web.Server\CAS.FinancePortal.Web.Server.csproj]
C:\Users\Lloyd Loteriña\Documents\CAS.FinancePortal.Web-main\CAS.FinancePortal.Web-main\CAS.FinancePortal.Web.Server\Persistence\ServiceLibraries\GraphService.cs(50,21): warning CS8620: Argument of type 'IEnumerable<string?>' cannot be used for parameter 'collection' of type 'IEnumerable<string>' in 'void List<string>.AddRange(IEnumerable<string> collection)' due to differences in the nullability of reference types. [C:\Users\Lloyd Loteriña\Documents\CAS.FinancePortal.Web-main\CAS.FinancePortal.Web-main\CAS.FinancePortal.Web.Server\CAS.FinancePortal.Web.Server.csproj]
C:\Users\Lloyd Loteriña\Documents\CAS.FinancePortal.Web-main\CAS.FinancePortal.Web-main\CAS.FinancePortal.Web.Server\Core\Models\Dtos\Service\EmailDto.cs(5,23): warning CS8618: Non-nullable property 'SentTo' must contain a non-null value when exiting constructor. Consider adding the 'required' modifier or declaring the property as nullable. [C:\Users\Lloyd Loteriña\Documents\CAS.FinancePortal.Web-main\CAS.FinancePortal.Web-main\CAS.FinancePortal.Web.Server\CAS.FinancePortal.Web.Server.csproj]
C:\Users\Lloyd Loteriña\Documents\CAS.FinancePortal.Web-main\CAS.FinancePortal.Web-main\CAS.FinancePortal.Web.Server\Core\Models\Dtos\Service\EmailDto.cs(8,17): warning CS8618: Non-nullable property 'Subject' must contain a non-null value when exiting constructor. Consider adding the 'required' modifier or declaring the property as nullable. [C:\Users\Lloyd Loteriña\Documents\CAS.FinancePortal.Web-main\CAS.FinancePortal.Web-main\CAS.FinancePortal.Web.Server\CAS.FinancePortal.Web.Server.csproj]
C:\Users\Lloyd Loteriña\Documents\CAS.FinancePortal.Web-main\CAS.FinancePortal.Web-main\CAS.FinancePortal.Web.Server\Core\Models\Dtos\Service\EmailDto.cs(9,17): warning CS8618: Non-nullable property 'Body' must contain a non-null value when exiting constructor. Consider adding the 'required' modifier or declaring the property as nullable. [C:\Users\Lloyd Loteriña\Documents\CAS.FinancePortal.Web-main\CAS.FinancePortal.Web-main\CAS.FinancePortal.Web.Server\CAS.FinancePortal.Web.Server.csproj]
C:\Users\Lloyd Loteriña\Documents\CAS.FinancePortal.Web-main\CAS.FinancePortal.Web-main\CAS.FinancePortal.Web.Server\Core\Models\Dtos\Service\EmailDto.cs(10,17): warning CS8618: Non-nullable property 'From' must contain a non-null value when exiting constructor. Consider adding the 'required' modifier or declaring the property as nullable. [C:\Users\Lloyd Loteriña\Documents\CAS.FinancePortal.Web-main\CAS.FinancePortal.Web-main\CAS.FinancePortal.Web.Server\CAS.FinancePortal.Web.Server.csproj]
C:\Users\Lloyd Loteriña\Documents\CAS.FinancePortal.Web-main\CAS.FinancePortal.Web-main\CAS.FinancePortal.Web.Server\Core\Models\Dtos\Service\EmailDto.cs(11,17): warning CS8618: Non-nullable property 'DisplayName' must contain a non-null value when exiting constructor. Consider adding the 'required' modifier or declaring the property as nullable. [C:\Users\Lloyd Loteriña\Documents\CAS.FinancePortal.Web-main\CAS.FinancePortal.Web-main\CAS.FinancePortal.Web.Server\CAS.FinancePortal.Web.Server.csproj]
C:\Program Files\dotnet\sdk\10.0.201\Microsoft.Common.CurrentVersion.targets(5395,5): warning MSB3026: Could not copy "C:\Users\Lloyd Loteriña\Documents\CAS.FinancePortal.Web-main\CAS.FinancePortal.Web-main\CAS.FinancePortal.Web.Server\obj\Debug\net9.0\apphost.exe" to "bin\Debug\net9.0\CAS.FinancePortal.Web.Server.exe". Beginning retry 1 in 1000ms. The process cannot access the file 'C:\Users\Lloyd Loteriña\Documents\CAS.FinancePortal.Web-main\CAS.FinancePortal.Web-main\CAS.FinancePortal.Web.Server\bin\Debug\net9.0\CAS.FinancePortal.Web.Server.exe' because it is being used by another process. The file is locked by: "CAS.FinancePortal.Web.Server (10700)" [C:\Users\Lloyd Loteriña\Documents\CAS.FinancePortal.Web-main\CAS.FinancePortal.Web-main\CAS.FinancePortal.Web.Server\CAS.FinancePortal.Web.Server.csproj]
C:\Program Files\dotnet\sdk\10.0.201\Microsoft.Common.CurrentVersion.targets(5395,5): warning MSB3026: Could not copy "C:\Users\Lloyd Loteriña\Documents\CAS.FinancePortal.Web-main\CAS.FinancePortal.Web-main\CAS.FinancePortal.Web.Server\obj\Debug\net9.0\apphost.exe" to "bin\Debug\net9.0\CAS.FinancePortal.Web.Server.exe". Beginning retry 2 in 1000ms. The process cannot access the file 'C:\Users\Lloyd Loteriña\Documents\CAS.FinancePortal.Web-main\CAS.FinancePortal.Web-main\CAS.FinancePortal.Web.Server\bin\Debug\net9.0\CAS.FinancePortal.Web.Server.exe' because it is being used by another process. The file is locked by: "CAS.FinancePortal.Web.Server (10700)" [C:\Users\Lloyd Loteriña\Documents\CAS.FinancePortal.Web-main\CAS.FinancePortal.Web-main\CAS.FinancePortal.Web.Server\CAS.FinancePortal.Web.Server.csproj]
C:\Program Files\dotnet\sdk\10.0.201\Microsoft.Common.CurrentVersion.targets(5395,5): warning MSB3026: Could not copy "C:\Users\Lloyd Loteriña\Documents\CAS.FinancePortal.Web-main\CAS.FinancePortal.Web-main\CAS.FinancePortal.Web.Server\obj\Debug\net9.0\apphost.exe" to "bin\Debug\net9.0\CAS.FinancePortal.Web.Server.exe". Beginning retry 3 in 1000ms. The process cannot access the file 'C:\Users\Lloyd Loteriña\Documents\CAS.FinancePortal.Web-main\CAS.FinancePortal.Web-main\CAS.FinancePortal.Web.Server\bin\Debug\net9.0\CAS.FinancePortal.Web.Server.exe' because it is being used by another process. The file is locked by: "CAS.FinancePortal.Web.Server (10700)" [C:\Users\Lloyd Loteriña\Documents\CAS.FinancePortal.Web-main\CAS.FinancePortal.Web-main\CAS.FinancePortal.Web.Server\CAS.FinancePortal.Web.Server.csproj]
C:\Program Files\dotnet\sdk\10.0.201\Microsoft.Common.CurrentVersion.targets(5395,5): warning MSB3026: Could not copy "C:\Users\Lloyd Loteriña\Documents\CAS.FinancePortal.Web-main\CAS.FinancePortal.Web-main\CAS.FinancePortal.Web.Server\obj\Debug\net9.0\apphost.exe" to "bin\Debug\net9.0\CAS.FinancePortal.Web.Server.exe". Beginning retry 4 in 1000ms. The process cannot access the file 'C:\Users\Lloyd Loteriña\Documents\CAS.FinancePortal.Web-main\CAS.FinancePortal.Web-main\CAS.FinancePortal.Web.Server\bin\Debug\net9.0\CAS.FinancePortal.Web.Server.exe' because it is being used by another process. The file is locked by: "CAS.FinancePortal.Web.Server (10700)" [C:\Users\Lloyd Loteriña\Documents\CAS.FinancePortal.Web-main\CAS.FinancePortal.Web-main\CAS.FinancePortal.Web.Server\CAS.FinancePortal.Web.Server.csproj]
C:\Program Files\dotnet\sdk\10.0.201\Microsoft.Common.CurrentVersion.targets(5395,5): warning MSB3026: Could not copy "C:\Users\Lloyd Loteriña\Documents\CAS.FinancePortal.Web-main\CAS.FinancePortal.Web-main\CAS.FinancePortal.Web.Server\obj\Debug\net9.0\apphost.exe" to "bin\Debug\net9.0\CAS.FinancePortal.Web.Server.exe". Beginning retry 5 in 1000ms. The process cannot access the file 'C:\Users\Lloyd Loteriña\Documents\CAS.FinancePortal.Web-main\CAS.FinancePortal.Web-main\CAS.FinancePortal.Web.Server\bin\Debug\net9.0\CAS.FinancePortal.Web.Server.exe' because it is being used by another process. The file is locked by: "CAS.FinancePortal.Web.Server (10700)" [C:\Users\Lloyd Loteriña\Documents\CAS.FinancePortal.Web-main\CAS.FinancePortal.Web-main\CAS.FinancePortal.Web.Server\CAS.FinancePortal.Web.Server.csproj]
C:\Program Files\dotnet\sdk\10.0.201\Microsoft.Common.CurrentVersion.targets(5395,5): warning MSB3026: Could not copy "C:\Users\Lloyd Loteriña\Documents\CAS.FinancePortal.Web-main\CAS.FinancePortal.Web-main\CAS.FinancePortal.Web.Server\obj\Debug\net9.0\apphost.exe" to "bin\Debug\net9.0\CAS.FinancePortal.Web.Server.exe". Beginning retry 6 in 1000ms. The process cannot access the file 'C:\Users\Lloyd Loteriña\Documents\CAS.FinancePortal.Web-main\CAS.FinancePortal.Web-main\CAS.FinancePortal.Web.Server\bin\Debug\net9.0\CAS.FinancePortal.Web.Server.exe' because it is being used by another process. The file is locked by: "CAS.FinancePortal.Web.Server (10700)" [C:\Users\Lloyd Loteriña\Documents\CAS.FinancePortal.Web-main\CAS.FinancePortal.Web-main\CAS.FinancePortal.Web.Server\CAS.FinancePortal.Web.Server.csproj]
C:\Program Files\dotnet\sdk\10.0.201\Microsoft.Common.CurrentVersion.targets(5395,5): warning MSB3026: Could not copy "C:\Users\Lloyd Loteriña\Documents\CAS.FinancePortal.Web-main\CAS.FinancePortal.Web-main\CAS.FinancePortal.Web.Server\obj\Debug\net9.0\apphost.exe" to "bin\Debug\net9.0\CAS.FinancePortal.Web.Server.exe". Beginning retry 7 in 1000ms. The process cannot access the file 'C:\Users\Lloyd Loteriña\Documents\CAS.FinancePortal.Web-main\CAS.FinancePortal.Web-main\CAS.FinancePortal.Web.Server\bin\Debug\net9.0\CAS.FinancePortal.Web.Server.exe' because it is being used by another process. The file is locked by: "CAS.FinancePortal.Web.Server (10700)" [C:\Users\Lloyd Loteriña\Documents\CAS.FinancePortal.Web-main\CAS.FinancePortal.Web-main\CAS.FinancePortal.Web.Server\CAS.FinancePortal.Web.Server.csproj]
C:\Program Files\dotnet\sdk\10.0.201\Microsoft.Common.CurrentVersion.targets(5395,5): warning MSB3026: Could not copy "C:\Users\Lloyd Loteriña\Documents\CAS.FinancePortal.Web-main\CAS.FinancePortal.Web-main\CAS.FinancePortal.Web.Server\obj\Debug\net9.0\apphost.exe" to "bin\Debug\net9.0\CAS.FinancePortal.Web.Server.exe". Beginning retry 8 in 1000ms. The process cannot access the file 'C:\Users\Lloyd Loteriña\Documents\CAS.FinancePortal.Web-main\CAS.FinancePortal.Web-main\CAS.FinancePortal.Web.Server\bin\Debug\net9.0\CAS.FinancePortal.Web.Server.exe' because it is being used by another process. The file is locked by: "CAS.FinancePortal.Web.Server (10700)" [C:\Users\Lloyd Loteriña\Documents\CAS.FinancePortal.Web-main\CAS.FinancePortal.Web-main\CAS.FinancePortal.Web.Server\CAS.FinancePortal.Web.Server.csproj]
C:\Program Files\dotnet\sdk\10.0.201\Microsoft.Common.CurrentVersion.targets(5395,5): warning MSB3026: Could not copy "C:\Users\Lloyd Loteriña\Documents\CAS.FinancePortal.Web-main\CAS.FinancePortal.Web-main\CAS.FinancePortal.Web.Server\obj\Debug\net9.0\apphost.exe" to "bin\Debug\net9.0\CAS.FinancePortal.Web.Server.exe". Beginning retry 9 in 1000ms. The process cannot access the file 'C:\Users\Lloyd Loteriña\Documents\CAS.FinancePortal.Web-main\CAS.FinancePortal.Web-main\CAS.FinancePortal.Web.Server\bin\Debug\net9.0\CAS.FinancePortal.Web.Server.exe' because it is being used by another process. The file is locked by: "CAS.FinancePortal.Web.Server (10700)" [C:\Users\Lloyd Loteriña\Documents\CAS.FinancePortal.Web-main\CAS.FinancePortal.Web-main\CAS.FinancePortal.Web.Server\CAS.FinancePortal.Web.Server.csproj]
C:\Program Files\dotnet\sdk\10.0.201\Microsoft.Common.CurrentVersion.targets(5395,5): warning MSB3026: Could not copy "C:\Users\Lloyd Loteriña\Documents\CAS.FinancePortal.Web-main\CAS.FinancePortal.Web-main\CAS.FinancePortal.Web.Server\obj\Debug\net9.0\apphost.exe" to "bin\Debug\net9.0\CAS.FinancePortal.Web.Server.exe". Beginning retry 10 in 1000ms. The process cannot access the file 'C:\Users\Lloyd Loteriña\Documents\CAS.FinancePortal.Web-main\CAS.FinancePortal.Web-main\CAS.FinancePortal.Web.Server\bin\Debug\net9.0\CAS.FinancePortal.Web.Server.exe' because it is being used by another process. The file is locked by: "CAS.FinancePortal.Web.Server (10700)" [C:\Users\Lloyd Loteriña\Documents\CAS.FinancePortal.Web-main\CAS.FinancePortal.Web-main\CAS.FinancePortal.Web.Server\CAS.FinancePortal.Web.Server.csproj]
C:\Program Files\dotnet\sdk\10.0.201\Microsoft.Common.CurrentVersion.targets(5395,5): error MSB3027: Could not copy "C:\Users\Lloyd Loteriña\Documents\CAS.FinancePortal.Web-main\CAS.FinancePortal.Web-main\CAS.FinancePortal.Web.Server\obj\Debug\net9.0\apphost.exe" to "bin\Debug\net9.0\CAS.FinancePortal.Web.Server.exe". Exceeded retry count of 10. Failed. The file is locked by: "CAS.FinancePortal.Web.Server (10700)" [C:\Users\Lloyd Loteriña\Documents\CAS.FinancePortal.Web-main\CAS.FinancePortal.Web-main\CAS.FinancePortal.Web.Server\CAS.FinancePortal.Web.Server.csproj]
C:\Program Files\dotnet\sdk\10.0.201\Microsoft.Common.CurrentVersion.targets(5395,5): error MSB3021: Unable to copy file "C:\Users\Lloyd Loteriña\Documents\CAS.FinancePortal.Web-main\CAS.FinancePortal.Web-main\CAS.FinancePortal.Web.Server\obj\Debug\net9.0\apphost.exe" to "bin\Debug\net9.0\CAS.FinancePortal.Web.Server.exe". The process cannot access the file 'C:\Users\Lloyd Loteriña\Documents\CAS.FinancePortal.Web-main\CAS.FinancePortal.Web-main\CAS.FinancePortal.Web.Server\bin\Debug\net9.0\CAS.FinancePortal.Web.Server.exe' because it is being used by another process. [C:\Users\Lloyd Loteriña\Documents\CAS.FinancePortal.Web-main\CAS.FinancePortal.Web-main\CAS.FinancePortal.Web.Server\CAS.FinancePortal.Web.Server.csproj]
    36 Warning(s)
    2 Error(s)

Time Elapsed 00:00:16.58
